{
  "usingComponents": {
    "xx": "plugin://myPlugin/xx",
    "dddd": "plugin://myPlugin/dddd"
  }
}