{
  "pages": [
    "pages/index"
  ],
  "window": {
    "navigationBarBackgroundColor": "#323239",
    "navigationBarTitleText": "Wechat App"
  }
}