{
  "navigationBarBackgroundColor": "#323239",
  "navigationBarTitleText": "Toutiao Page",
  "usingComponents": {}
}