{
  "pages": [
    "pages/index",
    "pages/turboPageDisabled",
    "pages/fragmentRoot"
  ],
  "window": {
    "defaultTitle": "Ali App",
    "titleBarColor": "#323239"
  }
}