<!DOCTYPE html>
<html><head><link href="/index.css" rel="stylesheet"></head>
  <head>
    <meta charset="utf-8"/>
    <meta http-equiv="Cache-Control" content="no-cache, no-store, must-revalidate">
    <meta http-equiv="Pragma" content="no-cache">
    <meta http-equiv="Expires" content="0">
    <script>
      // test
      console.log('insert script');
    </script>
    <style>
      .block {
        color: red;
      }
    </style>
  <body>
    <div class="block"></div>
    <div id="remax-app"></div>
  <script src="/runtime.js"></script><script src="/index.js"></script></body>
</html>
