{
  "navigationBarBackgroundColor": "#323239",
  "navigationBarTitleText": "Wechat App",
  "usingComponents": {}
}