{
  "navigationBarBackgroundColor": "#323239",
  "navigationBarTitleText": "Toutiao App",
  "usingComponents": {}
}