{
  "pages": [
    "pages/index",
    "pages/page2/index",
    "pages/page3/index"
  ],
  "window": {
    "navigationBarBackgroundColor": "#323239",
    "navigationBarTitleText": "Toutiao App"
  }
}