{
  "defaultTitle": "Ali Page",
  "titleBarColor": "#323239",
  "usingComponents": {}
}