// Jest Snapshot v1, https://goo.gl/fbAQLP

exports[`ScrollView render correctly 1`] = `
<scroll-view
  enableBackToTop={false}
  enableFlex={false}
  lowerThreshold={50}
  refresherBackground="#fff"
  refresherDefaultStyle="black"
  refresherEnabled={false}
  refresherThreshold={45}
  refresherTriggered={false}
  scrollAnchoring={false}
  scrollWithAnimation={false}
  scrollX={false}
  scrollY={false}
  upperThreshold={50}
/>
`;
