// Jest Snapshot v1, https://goo.gl/fbAQLP

exports[`remax config schema validation 1`] = `
"Invalid configuration object. remax has been initialized using a configuration object that does not match the API schema.
 - configuration has an unknown property 'xxx'. These properties are valid:
   object { turboPages?, pxToRpx?, cwd?, progress?, compressTemplate?, output?, rootDir?, UNSAFE_wechatTemplateDepth?, one?, configWebpack?, plugins? }
 - configuration.turboPages should be an array:
   [any, ...]
 - configuration.pxToRpx should be a boolean.
 - configuration.cwd should be a string.
 - configuration.progress should be a boolean.
 - configuration.compressTemplate should be a boolean.
 - configuration.output should be a string.
 - configuration.rootDir should be a string.
 - configuration.UNSAFE_wechatTemplateDepth should be one of these:
   object { … } | number
   Details:
    * configuration.UNSAFE_wechatTemplateDepth should be an object:
      object { … }
    * configuration.UNSAFE_wechatTemplateDepth should be a number.
 - configuration.configWebpack should be an instance of function.
 - configuration.plugins should be an array:
   [any, ...]"
`;
