{
  "navigationBarBackgroundColor": "#323239",
  "navigationBarTitleText": "Wechat Page",
  "usingComponents": {}
}