{
  "usingComponents": {
    "index": "/remaxVendors/components/a/index"
  }
}