{
  "usingComponents": {
    "index": "/remaxVendors/components/native-component/index"
  }
}