{
  "usingComponents": {
    "index": "/remaxVendors/components/nativeComponent/index"
  }
}